// Jest Snapshot v1, https://goo.gl/fbAQLP

exports[`should render correctly 1`] = `
<div
  className="css-text-901oao"
  data-testid="text"
  dir="auto"
  onClick={[Function]}
>
  Some text
</div>
`;
